// Jest Snapshot v1, https://goo.gl/fbAQLP

exports[`ErrorPage should match the snapshot 1`] = `
<div
  className="ErrorPage-errorPage-1 error-page"
>
  <div
    className="app-page"
  >
    <div
      className="MuiContainer-root AppPage-header-2 header MuiContainer-maxWidthXl"
    >
      <div
        className="app-title-card"
      >
        <div
          className="MuiPaper-root MuiCard-root AppPage-appTitle-3 app-title MuiPaper-elevation1 MuiPaper-rounded"
        >
          <div
            className="MuiCardContent-root"
          >
            <h1
              className="MuiTypography-root MuiTypography-h1"
            >
              <b>
                Page Not Found
              </b>
            </h1>
          </div>
        </div>
      </div>
    </div>
    <div
      className="MuiContainer-root AppPage-content-4 content MuiContainer-maxWidthLg"
    >
      <div
        className="MuiContainer-root MuiContainer-maxWidthMd"
      >
        <div
          className="MuiPaper-root error-page-content MuiPaper-elevation0"
        >
          <p
            className="MuiTypography-root MuiTypography-body1"
          >
            Oops! The page you are looking for was not found. It may be moved or not available.
          </p>
          <a
            aria-disabled={false}
            className="MuiButtonBase-root MuiButton-root MuiButton-outlined MuiButton-outlinedSecondary"
            href="#"
            onBlur={[Function]}
            onDragLeave={[Function]}
            onFocus={[Function]}
            onKeyDown={[Function]}
            onKeyUp={[Function]}
            onMouseDown={[Function]}
            onMouseLeave={[Function]}
            onMouseUp={[Function]}
            onTouchEnd={[Function]}
            onTouchMove={[Function]}
            onTouchStart={[Function]}
            tabIndex={0}
          >
            <span
              className="MuiButton-label"
            >
              Return home
              <span
                className="MuiButton-endIcon MuiButton-iconSizeMedium"
              >
                <svg
                  aria-hidden={true}
                  className="MuiSvgIcon-root"
                  focusable="false"
                  viewBox="0 0 24 24"
                >
                  <path
                    d="M12 4l-1.41 1.41L16.17 11H4v2h12.17l-5.58 5.59L12 20l8-8z"
                  />
                </svg>
              </span>
            </span>
          </a>
        </div>
      </div>
    </div>
  </div>
</div>
`;
